{"event":"progress","stage":"python","message":"Found Python 3.11.15"}
{"event":"progress","stage":"install","backend":"cuda","message":"Installing RF-DETR dependencies for cuda..."}
{"event":"progress","stage":"install","backend":"cuda","message":"Pre-installing PyTorch CUDA wheels (>=2.6.0)..."}
Looking in indexes: https://download.pytorch.org/whl/cu124
Collecting torch<3.0.0,>=2.6.0
  Using cached https://download-r2.pytorch.org/whl/cu124/torch-2.6.0%2Bcu124-cp311-cp311-win_amd64.whl.metadata (28 kB)
Collecting torchvision<1.0.0,>=0.21.0
  Using cached https://download-r2.pytorch.org/whl/cu124/torchvision-0.21.0%2Bcu124-cp311-cp311-win_amd64.whl.metadata (6.3 kB)
Collecting filelock (from torch<3.0.0,>=2.6.0)
  Using cached filelock-3.29.0-py3-none-any.whl.metadata (2.0 kB)
Collecting typing-extensions>=4.10.0 (from torch<3.0.0,>=2.6.0)
  Using cached https://download.pytorch.org/whl/typing_extensions-4.15.0-py3-none-any.whl.metadata (3.3 kB)
Collecting networkx (from torch<3.0.0,>=2.6.0)
  Using cached networkx-3.6.1-py3-none-any.whl.metadata (6.8 kB)
Collecting jinja2 (from torch<3.0.0,>=2.6.0)
  Using cached https://download.pytorch.org/whl/jinja2-3.1.6-py3-none-any.whl.metadata (2.9 kB)
Collecting fsspec (from torch<3.0.0,>=2.6.0)
  Using cached fsspec-2026.4.0-py3-none-any.whl.metadata (10 kB)
Collecting sympy==1.13.1 (from torch<3.0.0,>=2.6.0)
  Using cached sympy-1.13.1-py3-none-any.whl.metadata (12 kB)
Collecting mpmath<1.4,>=1.1.0 (from sympy==1.13.1->torch<3.0.0,>=2.6.0)
  Using cached mpmath-1.3.0-py3-none-any.whl.metadata (8.6 kB)
Collecting numpy (from torchvision<1.0.0,>=0.21.0)
  Using cached numpy-2.4.4-cp311-cp311-win_amd64.whl.metadata (6.6 kB)
Collecting pillow!=8.3.*,>=5.3.0 (from torchvision<1.0.0,>=0.21.0)
  Using cached pillow-12.2.0-cp311-cp311-win_amd64.whl.metadata (9.0 kB)
Collecting MarkupSafe>=2.0 (from jinja2->torch<3.0.0,>=2.6.0)
  Using cached https://download.pytorch.org/whl/markupsafe-3.0.3-cp311-cp311-win_amd64.whl.metadata (2.8 kB)
Using cached https://download-r2.pytorch.org/whl/cu124/torch-2.6.0%2Bcu124-cp311-cp311-win_amd64.whl (2532.4 MB)
Using cached sympy-1.13.1-py3-none-any.whl (6.2 MB)
Using cached https://download-r2.pytorch.org/whl/cu124/torchvision-0.21.0%2Bcu124-cp311-cp311-win_amd64.whl (6.1 MB)
Using cached pillow-12.2.0-cp311-cp311-win_amd64.whl (7.1 MB)
Using cached https://download.pytorch.org/whl/typing_extensions-4.15.0-py3-none-any.whl (44 kB)
Using cached filelock-3.29.0-py3-none-any.whl (39 kB)
Using cached fsspec-2026.4.0-py3-none-any.whl (203 kB)
Using cached https://download.pytorch.org/whl/jinja2-3.1.6-py3-none-any.whl (134 kB)
Using cached networkx-3.6.1-py3-none-any.whl (2.1 MB)
Using cached numpy-2.4.4-cp311-cp311-win_amd64.whl (12.6 MB)
Using cached https://download.pytorch.org/whl/markupsafe-3.0.3-cp311-cp311-win_amd64.whl (15 kB)
Using cached mpmath-1.3.0-py3-none-any.whl (536 kB)
Installing collected packages: mpmath, typing-extensions, sympy, pillow, numpy, networkx, MarkupSafe, fsspec, filelock, jinja2, torch, torchvision
Successfully installed MarkupSafe-3.0.3 filelock-3.29.0 fsspec-2026.4.0 jinja2-3.1.6 mpmath-1.3.0 networkx-3.6.1 numpy-2.4.4 pillow-12.2.0 sympy-1.13.1 torch-2.6.0+cu124 torchvision-0.21.0+cu124 typing-extensions-4.15.0
Looking in indexes: https://pypi.org/simple, https://download.pytorch.org/whl/cu124
Requirement already satisfied: torch<3.0.0,>=2.6.0 in c:\users\rtnan\desktop\hawkeye\skills\detection\rf-detr-detection-segmentation\.venv\lib\site-packages (from -r C:\Users\rtnan\Desktop\Hawkeye\skills\detection\rf-detr-detection-segmentation\requirements_cuda.txt (line 2)) (2.6.0+cu124)
Requirement already satisfied: torchvision<1.0.0,>=0.21.0 in c:\users\rtnan\desktop\hawkeye\skills\detection\rf-detr-detection-segmentation\.venv\lib\site-packages (from -r C:\Users\rtnan\Desktop\Hawkeye\skills\detection\rf-detr-detection-segmentation\requirements_cuda.txt (line 3)) (0.21.0+cu124)
Collecting transformers<6.0.0,>=5.9.0 (from -r C:\Users\rtnan\Desktop\Hawkeye\skills\detection\rf-detr-detection-segmentation\requirements_cuda.txt (line 4))
  Using cached transformers-5.10.2-py3-none-any.whl.metadata (33 kB)
Collecting accelerate>=1.0.0 (from -r C:\Users\rtnan\Desktop\Hawkeye\skills\detection\rf-detr-detection-segmentation\requirements_cuda.txt (line 5))
  Using cached accelerate-1.13.0-py3-none-any.whl.metadata (19 kB)
Collecting huggingface-hub>=0.24.0 (from -r C:\Users\rtnan\Desktop\Hawkeye\skills\detection\rf-detr-detection-segmentation\requirements_cuda.txt (line 6))
  Using cached huggingface_hub-1.18.0-py3-none-any.whl.metadata (14 kB)
Collecting safetensors>=0.4.5 (from -r C:\Users\rtnan\Desktop\Hawkeye\skills\detection\rf-detr-detection-segmentation\requirements_cuda.txt (line 7))
  Using cached safetensors-0.7.0-cp38-abi3-win_amd64.whl.metadata (4.2 kB)
Collecting numpy<2.0.0,>=1.24.0 (from -r C:\Users\rtnan\Desktop\Hawkeye\skills\detection\rf-detr-detection-segmentation\requirements_cuda.txt (line 8))
  Using cached numpy-1.26.4-cp311-cp311-win_amd64.whl.metadata (61 kB)
Collecting opencv-python-headless>=4.8.0 (from -r C:\Users\rtnan\Desktop\Hawkeye\skills\detection\rf-detr-detection-segmentation\requirements_cuda.txt (line 9))
  Using cached opencv_python_headless-4.13.0.92-cp37-abi3-win_amd64.whl.metadata (20 kB)
Requirement already satisfied: Pillow>=10.0.0 in c:\users\rtnan\desktop\hawkeye\skills\detection\rf-detr-detection-segmentation\.venv\lib\site-packages (from -r C:\Users\rtnan\Desktop\Hawkeye\skills\detection\rf-detr-detection-segmentation\requirements_cuda.txt (line 10)) (12.2.0)
Requirement already satisfied: filelock in c:\users\rtnan\desktop\hawkeye\skills\detection\rf-detr-detection-segmentation\.venv\lib\site-packages (from torch<3.0.0,>=2.6.0->-r C:\Users\rtnan\Desktop\Hawkeye\skills\detection\rf-detr-detection-segmentation\requirements_cuda.txt (line 2)) (3.29.0)
Requirement already satisfied: typing-extensions>=4.10.0 in c:\users\rtnan\desktop\hawkeye\skills\detection\rf-detr-detection-segmentation\.venv\lib\site-packages (from torch<3.0.0,>=2.6.0->-r C:\Users\rtnan\Desktop\Hawkeye\skills\detection\rf-detr-detection-segmentation\requirements_cuda.txt (line 2)) (4.15.0)
Requirement already satisfied: networkx in c:\users\rtnan\desktop\hawkeye\skills\detection\rf-detr-detection-segmentation\.venv\lib\site-packages (from torch<3.0.0,>=2.6.0->-r C:\Users\rtnan\Desktop\Hawkeye\skills\detection\rf-detr-detection-segmentation\requirements_cuda.txt (line 2)) (3.6.1)
Requirement already satisfied: jinja2 in c:\users\rtnan\desktop\hawkeye\skills\detection\rf-detr-detection-segmentation\.venv\lib\site-packages (from torch<3.0.0,>=2.6.0->-r C:\Users\rtnan\Desktop\Hawkeye\skills\detection\rf-detr-detection-segmentation\requirements_cuda.txt (line 2)) (3.1.6)
Requirement already satisfied: fsspec in c:\users\rtnan\desktop\hawkeye\skills\detection\rf-detr-detection-segmentation\.venv\lib\site-packages (from torch<3.0.0,>=2.6.0->-r C:\Users\rtnan\Desktop\Hawkeye\skills\detection\rf-detr-detection-segmentation\requirements_cuda.txt (line 2)) (2026.4.0)
Requirement already satisfied: sympy==1.13.1 in c:\users\rtnan\desktop\hawkeye\skills\detection\rf-detr-detection-segmentation\.venv\lib\site-packages (from torch<3.0.0,>=2.6.0->-r C:\Users\rtnan\Desktop\Hawkeye\skills\detection\rf-detr-detection-segmentation\requirements_cuda.txt (line 2)) (1.13.1)
Requirement already satisfied: mpmath<1.4,>=1.1.0 in c:\users\rtnan\desktop\hawkeye\skills\detection\rf-detr-detection-segmentation\.venv\lib\site-packages (from sympy==1.13.1->torch<3.0.0,>=2.6.0->-r C:\Users\rtnan\Desktop\Hawkeye\skills\detection\rf-detr-detection-segmentation\requirements_cuda.txt (line 2)) (1.3.0)
Collecting packaging>=20.0 (from transformers<6.0.0,>=5.9.0->-r C:\Users\rtnan\Desktop\Hawkeye\skills\detection\rf-detr-detection-segmentation\requirements_cuda.txt (line 4))
  Using cached packaging-26.2-py3-none-any.whl.metadata (3.5 kB)
Collecting pyyaml>=5.1 (from transformers<6.0.0,>=5.9.0->-r C:\Users\rtnan\Desktop\Hawkeye\skills\detection\rf-detr-detection-segmentation\requirements_cuda.txt (line 4))
  Using cached pyyaml-6.0.3-cp311-cp311-win_amd64.whl.metadata (2.4 kB)
Collecting regex>=2025.10.22 (from transformers<6.0.0,>=5.9.0->-r C:\Users\rtnan\Desktop\Hawkeye\skills\detection\rf-detr-detection-segmentation\requirements_cuda.txt (line 4))
  Using cached regex-2026.5.9-cp311-cp311-win_amd64.whl.metadata (41 kB)
Collecting tokenizers<=0.23.0,>=0.22.0 (from transformers<6.0.0,>=5.9.0->-r C:\Users\rtnan\Desktop\Hawkeye\skills\detection\rf-detr-detection-segmentation\requirements_cuda.txt (line 4))
  Using cached tokenizers-0.22.2-cp39-abi3-win_amd64.whl.metadata (7.4 kB)
Collecting typer (from transformers<6.0.0,>=5.9.0->-r C:\Users\rtnan\Desktop\Hawkeye\skills\detection\rf-detr-detection-segmentation\requirements_cuda.txt (line 4))
  Using cached typer-0.26.7-py3-none-any.whl.metadata (16 kB)
Collecting tqdm>=4.27 (from transformers<6.0.0,>=5.9.0->-r C:\Users\rtnan\Desktop\Hawkeye\skills\detection\rf-detr-detection-segmentation\requirements_cuda.txt (line 4))
  Using cached tqdm-4.68.1-py3-none-any.whl.metadata (57 kB)
Collecting psutil (from accelerate>=1.0.0->-r C:\Users\rtnan\Desktop\Hawkeye\skills\detection\rf-detr-detection-segmentation\requirements_cuda.txt (line 5))
  Using cached psutil-7.2.2-cp37-abi3-win_amd64.whl.metadata (22 kB)
Collecting click>=8.4.0 (from huggingface-hub>=0.24.0->-r C:\Users\rtnan\Desktop\Hawkeye\skills\detection\rf-detr-detection-segmentation\requirements_cuda.txt (line 6))
  Using cached click-8.4.1-py3-none-any.whl.metadata (2.6 kB)
Collecting hf-xet<2.0.0,>=1.4.3 (from huggingface-hub>=0.24.0->-r C:\Users\rtnan\Desktop\Hawkeye\skills\detection\rf-detr-detection-segmentation\requirements_cuda.txt (line 6))
  Using cached hf_xet-1.5.0-cp37-abi3-win_amd64.whl.metadata (4.9 kB)
Collecting httpx<1,>=0.23.0 (from huggingface-hub>=0.24.0->-r C:\Users\rtnan\Desktop\Hawkeye\skills\detection\rf-detr-detection-segmentation\requirements_cuda.txt (line 6))
  Using cached httpx-0.28.1-py3-none-any.whl.metadata (7.1 kB)
Collecting typer (from transformers<6.0.0,>=5.9.0->-r C:\Users\rtnan\Desktop\Hawkeye\skills\detection\rf-detr-detection-segmentation\requirements_cuda.txt (line 4))
  Using cached typer-0.25.1-py3-none-any.whl.metadata (15 kB)
INFO: pip is looking at multiple versions of opencv-python-headless to determine which version is compatible with other requirements. This could take a while.
Collecting opencv-python-headless>=4.8.0 (from -r C:\Users\rtnan\Desktop\Hawkeye\skills\detection\rf-detr-detection-segmentation\requirements_cuda.txt (line 9))
  Using cached opencv_python_headless-4.13.0.90-cp37-abi3-win_amd64.whl.metadata (20 kB)
  Using cached opencv_python_headless-4.12.0.88-cp37-abi3-win_amd64.whl.metadata (20 kB)
  Using cached opencv_python_headless-4.11.0.86-cp37-abi3-win_amd64.whl.metadata (20 kB)
Collecting colorama (from click>=8.4.0->huggingface-hub>=0.24.0->-r C:\Users\rtnan\Desktop\Hawkeye\skills\detection\rf-detr-detection-segmentation\requirements_cuda.txt (line 6))
  Using cached https://download.pytorch.org/whl/colorama-0.4.6-py2.py3-none-any.whl (25 kB)
Collecting anyio (from httpx<1,>=0.23.0->huggingface-hub>=0.24.0->-r C:\Users\rtnan\Desktop\Hawkeye\skills\detection\rf-detr-detection-segmentation\requirements_cuda.txt (line 6))
  Using cached anyio-4.13.0-py3-none-any.whl.metadata (4.5 kB)
Collecting certifi (from httpx<1,>=0.23.0->huggingface-hub>=0.24.0->-r C:\Users\rtnan\Desktop\Hawkeye\skills\detection\rf-detr-detection-segmentation\requirements_cuda.txt (line 6))
  Using cached certifi-2026.5.20-py3-none-any.whl.metadata (2.5 kB)
Collecting httpcore==1.* (from httpx<1,>=0.23.0->huggingface-hub>=0.24.0->-r C:\Users\rtnan\Desktop\Hawkeye\skills\detection\rf-detr-detection-segmentation\requirements_cuda.txt (line 6))
  Using cached httpcore-1.0.9-py3-none-any.whl.metadata (21 kB)
Collecting idna (from httpx<1,>=0.23.0->huggingface-hub>=0.24.0->-r C:\Users\rtnan\Desktop\Hawkeye\skills\detection\rf-detr-detection-segmentation\requirements_cuda.txt (line 6))
  Using cached idna-3.18-py3-none-any.whl.metadata (6.1 kB)
Collecting h11>=0.16 (from httpcore==1.*->httpx<1,>=0.23.0->huggingface-hub>=0.24.0->-r C:\Users\rtnan\Desktop\Hawkeye\skills\detection\rf-detr-detection-segmentation\requirements_cuda.txt (line 6))
  Using cached h11-0.16.0-py3-none-any.whl.metadata (8.3 kB)
Collecting shellingham>=1.3.0 (from typer->transformers<6.0.0,>=5.9.0->-r C:\Users\rtnan\Desktop\Hawkeye\skills\detection\rf-detr-detection-segmentation\requirements_cuda.txt (line 4))
  Using cached shellingham-1.5.4-py2.py3-none-any.whl.metadata (3.5 kB)
Collecting rich>=13.8.0 (from typer->transformers<6.0.0,>=5.9.0->-r C:\Users\rtnan\Desktop\Hawkeye\skills\detection\rf-detr-detection-segmentation\requirements_cuda.txt (line 4))
  Using cached rich-15.0.0-py3-none-any.whl.metadata (18 kB)
Collecting annotated-doc>=0.0.2 (from typer->transformers<6.0.0,>=5.9.0->-r C:\Users\rtnan\Desktop\Hawkeye\skills\detection\rf-detr-detection-segmentation\requirements_cuda.txt (line 4))
  Using cached annotated_doc-0.0.4-py3-none-any.whl.metadata (6.6 kB)
Requirement already satisfied: MarkupSafe>=2.0 in c:\users\rtnan\desktop\hawkeye\skills\detection\rf-detr-detection-segmentation\.venv\lib\site-packages (from jinja2->torch<3.0.0,>=2.6.0->-r C:\Users\rtnan\Desktop\Hawkeye\skills\detection\rf-detr-detection-segmentation\requirements_cuda.txt (line 2)) (3.0.3)
Collecting markdown-it-py>=2.2.0 (from rich>=13.8.0->typer->transformers<6.0.0,>=5.9.0->-r C:\Users\rtnan\Desktop\Hawkeye\skills\detection\rf-detr-detection-segmentation\requirements_cuda.txt (line 4))
  Using cached markdown_it_py-4.2.0-py3-none-any.whl.metadata (7.4 kB)
Collecting pygments<3.0.0,>=2.13.0 (from rich>=13.8.0->typer->transformers<6.0.0,>=5.9.0->-r C:\Users\rtnan\Desktop\Hawkeye\skills\detection\rf-detr-detection-segmentation\requirements_cuda.txt (line 4))
  Using cached pygments-2.20.0-py3-none-any.whl.metadata (2.5 kB)
Collecting mdurl~=0.1 (from markdown-it-py>=2.2.0->rich>=13.8.0->typer->transformers<6.0.0,>=5.9.0->-r C:\Users\rtnan\Desktop\Hawkeye\skills\detection\rf-detr-detection-segmentation\requirements_cuda.txt (line 4))
  Using cached mdurl-0.1.2-py3-none-any.whl.metadata (1.6 kB)
Using cached transformers-5.10.2-py3-none-any.whl (11.0 MB)
Using cached accelerate-1.13.0-py3-none-any.whl (383 kB)
Using cached huggingface_hub-1.18.0-py3-none-any.whl (684 kB)
Using cached safetensors-0.7.0-cp38-abi3-win_amd64.whl (341 kB)
Using cached numpy-1.26.4-cp311-cp311-win_amd64.whl (15.8 MB)
Using cached opencv_python_headless-4.11.0.86-cp37-abi3-win_amd64.whl (39.4 MB)
Using cached click-8.4.1-py3-none-any.whl (116 kB)
Using cached hf_xet-1.5.0-cp37-abi3-win_amd64.whl (4.0 MB)
Using cached httpx-0.28.1-py3-none-any.whl (73 kB)
Using cached httpcore-1.0.9-py3-none-any.whl (78 kB)
Using cached packaging-26.2-py3-none-any.whl (100 kB)
Using cached pyyaml-6.0.3-cp311-cp311-win_amd64.whl (158 kB)
Using cached regex-2026.5.9-cp311-cp311-win_amd64.whl (278 kB)
Using cached tokenizers-0.22.2-cp39-abi3-win_amd64.whl (2.7 MB)
Using cached tqdm-4.68.1-py3-none-any.whl (78 kB)
Using cached typer-0.25.1-py3-none-any.whl (58 kB)
Using cached psutil-7.2.2-cp37-abi3-win_amd64.whl (137 kB)
Using cached annotated_doc-0.0.4-py3-none-any.whl (5.3 kB)
Using cached rich-15.0.0-py3-none-any.whl (310 kB)
Using cached shellingham-1.5.4-py2.py3-none-any.whl (9.8 kB)
Using cached anyio-4.13.0-py3-none-any.whl (114 kB)
Using cached idna-3.18-py3-none-any.whl (65 kB)
Using cached certifi-2026.5.20-py3-none-any.whl (134 kB)
Using cached h11-0.16.0-py3-none-any.whl (37 kB)
Using cached markdown_it_py-4.2.0-py3-none-any.whl (91 kB)
Using cached pygments-2.20.0-py3-none-any.whl (1.2 MB)
Using cached mdurl-0.1.2-py3-none-any.whl (10.0 kB)
Installing collected packages: shellingham, safetensors, regex, pyyaml, pygments, psutil, packaging, numpy, mdurl, idna, hf-xet, h11, colorama, certifi, annotated-doc, tqdm, opencv-python-headless, markdown-it-py, httpcore, click, anyio, rich, httpx, typer, huggingface-hub, tokenizers, accelerate, transformers
  Attempting uninstall: numpy
    Found existing installation: numpy 2.4.4
    Uninstalling numpy-2.4.4:
      Successfully uninstalled numpy-2.4.4
Successfully installed accelerate-1.13.0 annotated-doc-0.0.4 anyio-4.13.0 certifi-2026.5.20 click-8.4.1 colorama-0.4.6 h11-0.16.0 hf-xet-1.5.0 httpcore-1.0.9 httpx-0.28.1 huggingface-hub-1.18.0 idna-3.18 markdown-it-py-4.2.0 mdurl-0.1.2 numpy-1.26.4 opencv-python-headless-4.11.0.86 packaging-26.2 psutil-7.2.2 pygments-2.20.0 pyyaml-6.0.3 regex-2026.5.9 rich-15.0.0 safetensors-0.7.0 shellingham-1.5.4 tokenizers-0.22.2 tqdm-4.68.1 transformers-5.10.2 typer-0.25.1
{"event":"progress","stage":"verify","message":"Verifying RF-DETR imports..."}
{"event":"error","stage":"verify","message":"RF-DETR import verification failed (torch.float8_e8m0fnu or transformers classes missing; ensure torch>=2.6.0)"}
